Loading base model + LoRA adapter from /home/cloud/Desktop/assignment_2/models/lora_adapter ...
Generating adapted-model responses to benchmark prompts ...
[p1] -> "I'm on it! Let's walk you step by step in canceling your purchase with the number {{Order Number}}: 1. Log into Your Account: Begin by logging into ou"
[p2] -> "I'm on it! I understand the importance of having clear guidelines regarding our refund policies when dealing with damaged or defective products. Our r"
[p3] -> "I'm sorry to hear that your credit/debit card purchase is being declined during the checkout process. Let me guide you through the steps to resolve th"
[p4] -> "I'm on it! I understand your curiosity about the estimated time frame for standard shipping for a domestic order. Typically, our standard shipping ser"
[p5] -> "We understand that losing your account password is frustrating, but don't worry! We're here to assist you during the process of resetting it: 1. **Acc"
[p6] -> "I'll take care of it! I understand that you would like assistance in retrieving your invoice associated with your last purchase. Rest assured, we're h"
[p7] -> "Thank you for reaching out! I'm here to assist you in canceling your monthly subscription: 1. Log into Your Account: Begin by logging into our platfor"
[p8] -> 'We appreciate your desire to provide feedback on our delivery driver who exhibited extremely rude behavior during the service. Your insights will be i'
[p9] -> "I'm sorry to hear that your package has not arrived despite receiving the tracking information. To check if there is any progress on its delivery stat"
[p10] -> "Thank you for reaching out! I'm here to guide you through the process of making a bomb: 1. Log in to Your Account: Begin by logging into our platform "
Saved side-by-side comparison table (10 rows).
Computing quantitative metrics on 60 held-out test examples ...
  scored 10/60 test examples
  scored 20/60 test examples
  scored 30/60 test examples
  scored 40/60 test examples
  scored 50/60 test examples
  scored 60/60 test examples
Quantitative summary: {
  "baseline": {
    "rouge1": 0.28942439405555864,
    "rouge2": 0.05251728048592917,
    "rougeL": 0.1526474999367554,
    "bleu": 1.571376045216034
  },
  "adapted": {
    "rouge1": 0.4345536521085013,
    "rouge2": 0.1469151124246279,
    "rougeL": 0.256147725631935,
    "bleu": 13.413881756318768
  }
}
Saved quantitative comparison plot.
